// Vitest Snapshot v1, https://vitest.dev/guide/snapshot.html

exports[`standard dashboard response > should return standard dashboard data 1`] = `
{
  "buildVersion": "1.0.0",
  "cwd": "/path/to/cwd",
  "projects": [
    {
      "manifest": {
        "name": "project-foo",
        "version": "1.0.0",
      },
      "mtime": 1730498483044,
      "name": "project-foo",
      "path": "/home/user/project-foo",
      "readablePath": "~/project-foo",
      "tools": [
        "node",
        "vlt",
      ],
    },
    {
      "manifest": {
        "name": "project-bar",
        "version": "1.0.0",
      },
      "mtime": 1730498491029,
      "name": "project-bar",
      "path": "/home/user/project-bar",
      "readablePath": "~/project-foo",
      "tools": [
        "pnpm",
      ],
    },
  ],
}
`;
