// Vitest Snapshot v1, https://vitest.dev/guide/snapshot.html

exports[`filter-button renders default 1`] = `

<gui-tooltip-provider>
  <gui-tooltip delayduration="150">
    <gui-dropdown-menu open="false">
      <gui-tooltip-trigger aschild="true">
        <gui-dropdown-menu-trigger aschild="true">
          <gui-button
            variant="outline"
            classname="aspect-square size-6 bg-white p-0 transition-colors dark:bg-black [&amp;>svg]:size-4 [&amp;>svg]:shrink-0"
          >
            <gui-list-filter>
            </gui-list-filter>
          </gui-button>
        </gui-dropdown-menu-trigger>
      </gui-tooltip-trigger>
      <gui-tooltip-portal>
        <gui-tooltip-content>
          Filter dependencies
        </gui-tooltip-content>
      </gui-tooltip-portal>
      <gui-dropdown-menu-content
        align="end"
        classname="w-[240px]"
      >
        <div class="relative pb-1.5">
          <div class="absolute left-[9px] z-[10] flex h-[30px] items-center justify-center">
            <gui-search
              classname="text-neutral-500"
              size="14"
            >
            </gui-search>
          </div>
          <gui-input
            value
            classname="relative h-[30px] pl-[30px] pr-[70px] ring-transparent focus-visible:ring-0 focus-visible:ring-offset-0"
            placeholder="Filter..."
          >
          </gui-input>
          <div class="absolute bottom-[6px] right-[5px] flex h-[30px] cursor-default items-center justify-center">
            <gui-kbd classname="inline-flex h-[20px] w-fit items-center justify-center gap-1 border-[1px] border-muted bg-white px-1 text-xxs dark:bg-black">
              ctrl
            </gui-kbd>
            <gui-kbd classname="inline-flex h-[20px] w-fit items-center justify-center gap-1 border-[1px] border-muted bg-white px-1 text-xxs dark:bg-black">
              F
            </gui-kbd>
          </div>
        </div>
        <div style="opacity: 0; filter: blur(2px);">
          <gui-dropdown-menu-group>
            <gui-dropdown-menu-sub>
              <gui-dropdown-menu-sub-trigger>
                <gui-circle-dot>
                </gui-circle-dot>
                Relationship
              </gui-dropdown-menu-sub-trigger>
              <gui-dropdown-menu-portal>
                <gui-dropdown-menu-sub-content>
                  <gui-dropdown-menu-item
                    classname="gap-2"
                    tabindex="1"
                  >
                    <div class="size-2 rounded-full bg-cyan-500/25 text-cyan-600 border-[1px] border-cyan-600 dark:border-cyan-500 hover:bg-cyan-500/40 dark:bg-cyan-500/30 dark:text-cyan-500 dark:hover:bg-cyan-500/40">
                    </div>
                    prod
                  </gui-dropdown-menu-item>
                  <gui-dropdown-menu-item
                    classname="gap-2"
                    tabindex="2"
                  >
                    <div class="size-2 rounded-full bg-fuchsia-500/20 border-[1px] dark:border-fuchsia-400 border-fuchsia-500 text-fuchsia-500 hover:bg-fuchsia-400/30 dark:bg-fuchsia-500/30 dark:text-fuchsia-400 dark:hover:bg-fuchsia-500/40">
                    </div>
                    dev
                  </gui-dropdown-menu-item>
                  <gui-dropdown-menu-item
                    classname="gap-2"
                    tabindex="3"
                  >
                    <div class="size-2 rounded-full bg-lime-500/25 border-[1px] border-lime-600 dark:border-lime-400 text-lime-600 hover:bg-lime-400/40 dark:bg-lime-500/30 dark:text-lime-400 dark:hover:bg-lime-500/40">
                    </div>
                    peer
                  </gui-dropdown-menu-item>
                  <gui-dropdown-menu-item
                    classname="gap-2"
                    tabindex="4"
                  >
                    <div class="size-2 rounded-full bg-orange-500/20 border-[1px] border-orange-500 dark:border-orange-400 text-orange-500 hover:bg-orange-400/30 dark:bg-orange-500/30 dark:text-orange-400 dark:hover:bg-orange-500/40">
                    </div>
                    optional
                  </gui-dropdown-menu-item>
                  <gui-dropdown-menu-item
                    classname="gap-2"
                    tabindex="5"
                  >
                    <div class="size-2 rounded-full bg-yellow-500/25 border-[1px] border-yellow-600 dark:border-yellow-400 text-yellow-600 hover:bg-yellow-400/40 dark:bg-yellow-500/30 dark:text-yellow-400 dark:hover:bg-yellow-500/40">
                    </div>
                    peerOptional
                  </gui-dropdown-menu-item>
                </gui-dropdown-menu-sub-content>
              </gui-dropdown-menu-portal>
            </gui-dropdown-menu-sub>
          </gui-dropdown-menu-group>
        </div>
      </gui-dropdown-menu-content>
    </gui-dropdown-menu>
  </gui-tooltip>
</gui-tooltip-provider>

`;

exports[`filter-list renders with filters 1`] = `

<section
  class="flex flex-wrap gap-2 overflow-hidden"
  style="opacity: 1; height: auto; filter: blur(0px); margin-bottom: 16px;"
>
  <div
    class="flex h-fit w-fit items-center justify-center"
    tabindex="0"
    style="opacity: 1; filter: blur(0px); transform: none; transform-origin: 50% 0px 0;"
  >
    <gui-badge
      variant="default"
      classname="cursor-default bg-cyan-500/25 text-cyan-600 border-[1px] border-cyan-600 dark:border-cyan-500 hover:bg-cyan-500/40 dark:bg-cyan-500/30 dark:text-cyan-500 dark:hover:bg-cyan-500/40"
    >
      prod
    </gui-badge>
  </div>
  <div
    class="flex h-fit w-fit items-center justify-center"
    tabindex="0"
    style="opacity: 1; filter: blur(0px); transform: none; transform-origin: 50% 0px 0;"
  >
    <gui-badge
      variant="default"
      classname="cursor-default bg-fuchsia-500/20 border-[1px] dark:border-fuchsia-400 border-fuchsia-500 text-fuchsia-500 hover:bg-fuchsia-400/30 dark:bg-fuchsia-500/30 dark:text-fuchsia-400 dark:hover:bg-fuchsia-500/40"
    >
      dev
    </gui-badge>
  </div>
  <div
    class="flex h-fit w-fit items-center justify-center"
    tabindex="0"
    style="opacity: 1; filter: blur(0px); transform: none; transform-origin: 50% 0px 0;"
  >
    <gui-badge
      variant="default"
      classname="cursor-default bg-lime-500/25 border-[1px] border-lime-600 dark:border-lime-400 text-lime-600 hover:bg-lime-400/40 dark:bg-lime-500/30 dark:text-lime-400 dark:hover:bg-lime-500/40"
    >
      peer
    </gui-badge>
  </div>
</section>

`;

exports[`filter-list-empty-state renders when no matching filters are found 1`] = `

<div
  class="flex min-h-96 w-full cursor-default flex-col items-center justify-center gap-4 rounded-sm border-[1px] border-dashed border-muted py-12"
  style="opacity: 1; filter: blur(0px);"
>
  <div class="mb-6 flex justify-center">
    <div class="relative">
      <div class="relative space-y-2">
        <div class="h-12 w-64 rounded-lg border border-muted bg-muted/60 rotate-1 transform opacity-40">
          <div class="flex h-full items-center justify-between px-4">
            <div class="flex items-center gap-3">
              <div class="flex h-6 max-w-12 items-center justify-center truncate rounded border-[1px] border-muted-foreground/20 bg-muted-foreground/20 px-2 font-mono text-xxs tabular-nums text-muted-foreground/60">
                ^21.0.0
              </div>
              <div class="text-xs font-medium text-muted-foreground/60">
                tap
              </div>
            </div>
            <div class="font-mono text-xxs tabular-nums text-muted-foreground/60">
              v21.1.0
            </div>
          </div>
        </div>
        <div class="h-12 w-64 rounded-lg border border-muted bg-muted/60 -mt-10 -rotate-1 transform opacity-40">
          <div class="flex h-full items-center justify-between px-4">
            <div class="flex items-center gap-3">
              <div class="flex h-6 max-w-12 items-center justify-center truncate rounded border-[1px] border-muted-foreground/20 bg-muted-foreground/20 px-2 font-mono text-xxs tabular-nums text-muted-foreground/60">
                ^1.0.0
              </div>
              <div class="text-xs font-medium text-muted-foreground/60">
                reproduce
              </div>
            </div>
            <div class="font-mono text-xxs tabular-nums text-muted-foreground/60">
              v1.1.4
            </div>
          </div>
        </div>
      </div>
      <div class="pointer-events-none absolute inset-0 rounded-lg bg-background/30">
      </div>
    </div>
  </div>
  <div class="flex flex-col items-center justify-center gap-1 text-center">
    <h3 class="text-base font-medium tracking-tight text-foreground">
      No matching dependencies
    </h3>
    <p class="w-4/5 text-sm font-normal tracking-normal text-muted-foreground">
      There were no dependencies matching your current filters.
    </p>
    <gui-button classname="mt-2 h-8 w-fit border-[1px] border-muted">
      <gui-rotate-ccw>
      </gui-rotate-ccw>
      Clear Filters
    </gui-button>
  </div>
</div>

`;
