// Vitest Snapshot v1, https://vitest.dev/guide/snapshot.html

exports[`vlt-client icon render custom class 1`] = `

<div>
  <svg
    xmlns="http://www.w3.org/2000/svg"
    width="24"
    height="24"
    viewbox="0 0 24 24"
    fill="none"
    stroke="currentColor"
    stroke-width="2"
    stroke-linecap="round"
    stroke-linejoin="round"
    class="lucide lucide-vlt-client lucide-VltClient custom-class"
    aria-hidden="true"
  >
    <path
      d="M11.1424 6.85711C11.1424 6.88482 11.1418 6.91238 11.1405 6.93977C11.1173 7.42818 11.1468 7.96964 11.4925 8.31539L13.1127 9.93559C13.4585 10.2813 13.9999 10.3108 14.4883 10.2876C14.5157 10.2863 14.5433 10.2857 14.571 10.2857C15.5178 10.2857 16.2853 11.0532 16.2853 12C16.2853 12.9467 15.5178 13.7143 14.571 13.7143C14.5433 13.7143 14.5157 13.7136 14.4883 13.7123C13.9999 13.6891 13.4585 13.7186 13.1127 14.0643L11.4925 15.6845C11.1468 16.0303 11.1173 16.5718 11.1405 17.0602C11.1418 17.0876 11.1424 17.1151 11.1424 17.1428C11.1424 18.0896 10.3749 18.8571 9.42815 18.8571C8.48138 18.8571 7.71387 18.0896 7.71387 17.1428C7.71387 16.196 8.48138 15.4285 9.42815 15.4285C9.45587 15.4285 9.48343 15.4292 9.51082 15.4305C9.99923 15.4537 10.5407 15.4242 10.8864 15.0784L12.5066 13.4583C12.8524 13.1125 12.8819 12.571 12.8587 12.0826C12.8574 12.0552 12.8567 12.0277 12.8567 12C12.8567 11.9723 12.8574 11.9447 12.8587 11.9173C12.8819 11.4289 12.8524 10.8874 12.5066 10.5417L10.8864 8.92148C10.5407 8.57574 9.99923 8.54625 9.51082 8.56944C9.48343 8.57074 9.45587 8.57139 9.42815 8.57139C8.48138 8.57139 7.71387 7.80388 7.71387 6.85711C7.71387 5.91033 8.48138 5.14282 9.42815 5.14282C10.3749 5.14282 11.1424 5.91033 11.1424 6.85711Z"
      fill="currentColor"
      stroke-width="0"
    >
    </path>
  </svg>
</div>

`;

exports[`vlt-client icon render default 1`] = `

<div>
  <svg
    xmlns="http://www.w3.org/2000/svg"
    width="24"
    height="24"
    viewbox="0 0 24 24"
    fill="none"
    stroke="currentColor"
    stroke-width="2"
    stroke-linecap="round"
    stroke-linejoin="round"
    class="lucide lucide-vlt-client lucide-VltClient"
    aria-hidden="true"
  >
    <path
      d="M11.1424 6.85711C11.1424 6.88482 11.1418 6.91238 11.1405 6.93977C11.1173 7.42818 11.1468 7.96964 11.4925 8.31539L13.1127 9.93559C13.4585 10.2813 13.9999 10.3108 14.4883 10.2876C14.5157 10.2863 14.5433 10.2857 14.571 10.2857C15.5178 10.2857 16.2853 11.0532 16.2853 12C16.2853 12.9467 15.5178 13.7143 14.571 13.7143C14.5433 13.7143 14.5157 13.7136 14.4883 13.7123C13.9999 13.6891 13.4585 13.7186 13.1127 14.0643L11.4925 15.6845C11.1468 16.0303 11.1173 16.5718 11.1405 17.0602C11.1418 17.0876 11.1424 17.1151 11.1424 17.1428C11.1424 18.0896 10.3749 18.8571 9.42815 18.8571C8.48138 18.8571 7.71387 18.0896 7.71387 17.1428C7.71387 16.196 8.48138 15.4285 9.42815 15.4285C9.45587 15.4285 9.48343 15.4292 9.51082 15.4305C9.99923 15.4537 10.5407 15.4242 10.8864 15.0784L12.5066 13.4583C12.8524 13.1125 12.8819 12.571 12.8587 12.0826C12.8574 12.0552 12.8567 12.0277 12.8567 12C12.8567 11.9723 12.8574 11.9447 12.8587 11.9173C12.8819 11.4289 12.8524 10.8874 12.5066 10.5417L10.8864 8.92148C10.5407 8.57574 9.99923 8.54625 9.51082 8.56944C9.48343 8.57074 9.45587 8.57139 9.42815 8.57139C8.48138 8.57139 7.71387 7.80388 7.71387 6.85711C7.71387 5.91033 8.48138 5.14282 9.42815 5.14282C10.3749 5.14282 11.1424 5.91033 11.1424 6.85711Z"
      fill="currentColor"
      stroke-width="0"
    >
    </path>
  </svg>
</div>

`;
