// Vitest Snapshot v1, https://vitest.dev/guide/snapshot.html

exports[`labels view > labels render default 1`] = `

<section class="flex min-h-[80svh] w-full grow flex-col bg-white dark:bg-black">
  <div class="flex flex-col px-8 py-4">
    <div class="flex justify-between">
      <div class="flex gap-2">
        <gui-filter-search
          placeholder="Filter Queries"
          items
        >
        </gui-filter-search>
        <gui-sort-toggle
          filtereditems
          sortkey="name"
        >
        </gui-sort-toggle>
        <div class="flex items-center">
          <div class="flex items-center">
            <gui-delete-query
              deletedialogopen="false"
              selectedqueries
              type="icon"
            >
            </gui-delete-query>
          </div>
        </div>
      </div>
      <gui-button
        aschild="true"
        variant="outline"
      >
        <a href="/labels">
          <gui-tag-icon>
          </gui-tag-icon>
          <span>
            Labels
          </span>
          <gui-badge variant="secondary">
            3
          </gui-badge>
        </a>
      </gui-button>
    </div>
    <div class="mt-6">
      <div class="mt-3 flex flex-col gap-3">
      </div>
    </div>
  </div>
  <gui-queries-empty-state>
  </gui-queries-empty-state>
</section>

`;
