// Vitest Snapshot v1, https://vitest.dev/guide/snapshot.html

exports[`EmptyState renders with basic options 1`] = `

<div class="flex h-64 w-full cursor-default items-center justify-center px-6 py-4">
  <div class="flex flex-col items-center justify-center gap-3 text-center">
    <div class="relative flex size-32 items-center justify-center rounded-full bg-secondary/60">
      <gui-smile-icon
        classname="absolute z-[3] size-14 text-neutral-500"
        strokewidth="1.25"
      >
      </gui-smile-icon>
    </div>
    <p class="w-2/3 text-pretty text-sm text-muted-foreground">
      empty state test
    </p>
  </div>
</div>

`;
