// Vitest Snapshot v1, https://vitest.dev/guide/snapshot.html

exports[`create-label > should render correctly 1`] = `

<div class="rounded-sm border border-[1px] border-muted-foreground/25 bg-neutral-100 transition-all dark:bg-neutral-950">
  <div class="flex flex-col gap-3 px-3 py-3">
    <div>
      <gui-label-badge
        name="Label preview"
        color="#00FF5F"
      >
      </gui-label-badge>
    </div>
    <div class="mt-4 flex w-full gap-3">
      <div class="flex flex-col gap-2">
        <gui-label classname="border-none text-sm font-medium">
          Name
        </gui-label>
        <gui-input
          type="text"
          value="Label preview"
          placeholder="Name"
        >
        </gui-input>
      </div>
      <div class="flex grow flex-col gap-2">
        <gui-label classname="border-none text-sm font-medium">
          Description
        </gui-label>
        <gui-input
          type="text"
          value
          placeholder="Description (optional)"
        >
        </gui-input>
      </div>
      <div class="flex flex-col gap-2">
        <gui-label classname="border-none text-sm font-medium">
          Color
        </gui-label>
        <gui-popover>
          <gui-popover-trigger aschild="true">
            <gui-button
              classname="w-[120px]"
              variant="outline"
            >
              <gui-palette-icon>
              </gui-palette-icon>
              <span>
                #00FF5F
              </span>
            </gui-button>
          </gui-popover-trigger>
          <gui-popover-content>
            <gui-color-picker
              defaultcolor="#00FF5F"
              defaultinput="#00FF5F"
            >
            </gui-color-picker>
          </gui-popover-content>
        </gui-popover>
      </div>
      <div class="flex items-end justify-end gap-3">
        <gui-button variant="outline">
          Cancel
        </gui-button>
        <gui-button disabled="true">
          Create label
        </gui-button>
      </div>
    </div>
  </div>
</div>

`;
