// Vitest Snapshot v1, https://vitest.dev/guide/snapshot.html

exports[`labels-sort-toggle > should render correctly 1`] = `

<gui-toggle options="[object Object],[object Object]">
</gui-toggle>

`;
