// Vitest Snapshot v1, https://vitest.dev/guide/snapshot.html

exports[`save-query > should render correctly 1`] = `

<gui-popover open="false">
  <gui-popover-trigger classname="flex items-center justify-center">
    <gui-tooltip-provider>
      <gui-tooltip>
        <gui-tooltip-trigger
          aschild="true"
          classname="flex h-[1.5rem] w-[1.5rem] items-center justify-center rounded-sm border border-muted-foreground/20 bg-muted"
        >
          <div class="inline-flex h-[1.5rem] w-[1.5rem] items-center justify-center gap-2 whitespace-nowrap rounded-md border border-input bg-background text-sm font-medium ring-offset-background transition-colors hover:bg-accent hover:text-accent-foreground focus-visible:outline-none focus-visible:ring-2 focus-visible:ring-ring focus-visible:ring-offset-2 disabled:pointer-events-none disabled:opacity-50 [&amp;_svg]:pointer-events-none [&amp;_svg]:size-4 [&amp;_svg]:shrink-0">
            <svg
              xmlns="http://www.w3.org/2000/svg"
              width="20"
              height="20"
              viewbox="0 0 24 24"
              stroke="currentColor"
              stroke-width="2"
              stroke-linecap="round"
              stroke-linejoin="round"
              class="lucide lucide-star"
              fill="#fafafa"
            >
              <polygon points="12 2 15.09 8.26 22 9.27 17 14.14 18.18 21.02 12 17.77 5.82 21.02 7 14.14 2 9.27 8.91 8.26 12 2">
              </polygon>
            </svg>
          </div>
        </gui-tooltip-trigger>
        <gui-tooltip-content>
          <p>
            Save query
          </p>
        </gui-tooltip-content>
      </gui-tooltip>
    </gui-tooltip-provider>
  </gui-popover-trigger>
  <gui-popover-content
    classname="w-full p-0"
    align="end"
  >
  </gui-popover-content>
</gui-popover>

`;
