// Vitest Snapshot v1, https://vitest.dev/guide/snapshot.html

exports[`badge render custom class 1`] = `

<div>
  <div class="inline-flex items-center rounded-full border px-2.5 py-0.5 text-xs font-semibold transition-colors focus:outline-none focus:ring-2 focus:ring-ring focus:ring-offset-2 border-transparent bg-primary text-primary-foreground hover:bg-primary/80 custom-class">
  </div>
</div>

`;

exports[`badge render default 1`] = `

<div>
  <div class="inline-flex items-center rounded-full border px-2.5 py-0.5 text-xs font-semibold transition-colors focus:outline-none focus:ring-2 focus:ring-ring focus:ring-offset-2 border-transparent bg-primary text-primary-foreground hover:bg-primary/80">
  </div>
</div>

`;

exports[`badge render destructive 1`] = `

<div>
  <div class="inline-flex items-center rounded-full border px-2.5 py-0.5 text-xs font-semibold transition-colors focus:outline-none focus:ring-2 focus:ring-ring focus:ring-offset-2 border-transparent bg-destructive text-destructive-foreground hover:bg-destructive/80">
  </div>
</div>

`;

exports[`badge render outline 1`] = `

<div>
  <div class="inline-flex items-center rounded-full border px-2.5 py-0.5 text-xs font-semibold transition-colors focus:outline-none focus:ring-2 focus:ring-ring focus:ring-offset-2 text-foreground">
  </div>
</div>

`;

exports[`badge render secondary 1`] = `

<div>
  <div class="inline-flex items-center rounded-full border px-2.5 py-0.5 text-xs font-semibold transition-colors focus:outline-none focus:ring-2 focus:ring-ring focus:ring-offset-2 border-transparent bg-secondary text-secondary-foreground hover:bg-secondary/80">
  </div>
</div>

`;
