// Vitest Snapshot v1, https://vitest.dev/guide/snapshot.html

exports[`filter-search > should render correctly 1`] = `

<div class="relative flex w-[384px] items-center">
  <gui-search-icon
    size="18"
    classname="absolute left-0 ml-3 text-neutral-500"
  >
  </gui-search-icon>
  <gui-input
    type="text"
    classname="pl-9 pr-20"
    role="search"
    placeholder="mock-test"
    value
  >
  </gui-input>
  <div class="absolute right-0 flex gap-2">
    <div class="mr-3 hidden items-center gap-1 backdrop-blur-sm md:flex">
      <gui-kbd>
        <gui-command-icon size="12">
        </gui-command-icon>
      </gui-kbd>
      <gui-kbd classname="text-sm">
        k
      </gui-kbd>
    </div>
  </div>
</div>

`;
