// Vitest Snapshot v1, https://vitest.dev/guide/snapshot.html

exports[`sorting-toggle > should render correctly 1`] = `

<div class="flex mx-3">
  <div class="relative flex items-center p-1 h-[2.5rem] bg-white dark:bg-black w-full rounded-sm border border-[1px] border-muted-foreground/25">
    <div class="absolute h-[2rem] w-[2rem] rounded-sm bg-muted border border-muted-foreground/20">
    </div>
    <gui-tooltip-provider>
      <gui-tooltip>
        <gui-tooltip-trigger aschild="true">
          <div class="cursor-pointer h-[2rem] w-[2rem] rounded-sm flex items-center justify-center z-[1]">
            <gui-arrow-down-az-icon
              size="20"
              classname="text-muted-foreground"
            >
            </gui-arrow-down-az-icon>
          </div>
        </gui-tooltip-trigger>
        <gui-tooltip-content>
          Sort ascending
        </gui-tooltip-content>
      </gui-tooltip>
    </gui-tooltip-provider>
    <gui-tooltip-provider>
      <gui-tooltip>
        <gui-tooltip-trigger aschild="true">
          <div class="cursor-pointer h-[2rem] w-[2rem] rounded-sm flex items-center justify-center z-[1]">
            <gui-arrow-down-za-icon
              size="20"
              classname="text-muted-foreground"
            >
            </gui-arrow-down-za-icon>
          </div>
        </gui-tooltip-trigger>
        <gui-tooltip-content>
          Sort descending
        </gui-tooltip-content>
      </gui-tooltip>
    </gui-tooltip-provider>
  </div>
</div>

`;
