// Vitest Snapshot v1, https://vitest.dev/guide/snapshot.html

exports[`create-query > should render correctly 1`] = `

<div class="rounded-sm border-[1px] border-muted-foreground/25 bg-card transition-all">
  <div class="flex flex-col gap-3 px-3 py-3">
    <div class="flex w-full items-center">
      <p class="text-base font-medium">
        New Query
      </p>
      <div class="ml-auto flex items-center gap-2">
      </div>
    </div>
    <div class="mt-4 flex w-full gap-3">
      <div class="flex flex-col gap-2">
        <gui-label classname="border-none text-sm font-medium">
          Name
        </gui-label>
        <gui-input
          type="text"
          value
          placeholder="Name"
        >
        </gui-input>
      </div>
      <div class="flex grow flex-col gap-2">
        <gui-label classname="border-none text-sm font-medium">
          Query
        </gui-label>
        <gui-input
          type="text"
          value
          placeholder="Query"
        >
        </gui-input>
      </div>
      <div class="flex w-[300px] flex-col gap-2">
        <gui-tooltip-provider>
          <gui-tooltip>
            <gui-tooltip-trigger classname="inline-flex cursor-default items-center">
              <gui-label classname="border-none text-sm font-medium">
                Directory (optional)
              </gui-label>
              <gui-circle-help-icon
                classname="text-muted-foreground"
                size="18"
              >
              </gui-circle-help-icon>
            </gui-tooltip-trigger>
            <gui-tooltip-content>
              Set directory to 'Global' to reuse across all projects.
            </gui-tooltip-content>
          </gui-tooltip>
        </gui-tooltip-provider>
        <gui-directory-select directory>
        </gui-directory-select>
      </div>
      <div class="flex w-[175px] flex-col gap-2">
        <gui-label classname="border-none text-sm font-medium">
          Labels
        </gui-label>
        <gui-popover>
          <gui-popover-trigger aschild="true">
            <gui-button
              variant="outline"
              role="combobox"
              classname="w-full justify-between"
            >
              Select labels
              <gui-chevron-icon classname="opacity-50">
              </gui-chevron-icon>
            </gui-button>
          </gui-popover-trigger>
          <gui-popover-content classname="p-0">
            <gui-label-select selecteditems>
            </gui-label-select>
          </gui-popover-content>
        </gui-popover>
      </div>
    </div>
    <div class="mb-0.5 flex items-end justify-end gap-3">
      <gui-button variant="outline">
        Cancel
      </gui-button>
      <gui-button disabled="true">
        Create Query
      </gui-button>
    </div>
  </div>
</div>

`;
