// Vitest Snapshot v1, https://vitest.dev/guide/snapshot.html

exports[`query-highlighter render default 1`] = `

<div class="scrollbar-hidden pointer-events-none absolute inset-0 left-[2.556rem] top-[0.01rem] flex items-center overflow-x-auto pr-32">
  <div class="flex whitespace-nowrap">
    <gui-query-token variant="pseudo">
      :root
    </gui-query-token>
    <gui-query-token variant="combinator">
      &gt;
    </gui-query-token>
    <gui-query-token variant="pseudo">
      :not(
    </gui-query-token>
    <gui-query-token variant="id">
      #react
    </gui-query-token>
    <gui-query-token variant="selector">
      ,
    </gui-query-token>
    <gui-query-token variant="attribute">
      [name="react-sass"]
    </gui-query-token>
    <gui-query-token variant="pseudo">
      )
    </gui-query-token>
  </div>
</div>

`;
