// Vitest Snapshot v1, https://vitest.dev/guide/snapshot.html

exports[`Footer Component > renders the copyright text 1`] = `

<footer class="border-t-[1px] bg-white dark:bg-black">
  <div class="flex w-full flex-col gap-x-4 gap-y-4 px-6 py-6">
    <div class="flex w-full items-center justify-between">
      <div class="flex gap-4">
        <a
          href="https://www.linkedin.com/company/vltpkg/"
          aria-label="linkedin"
        >
          <gui-linkedin-icon classname="h-5 fill-black dark:fill-white">
          </gui-linkedin-icon>
        </a>
        <a
          href="https://x.com/vltpkg"
          aria-label="twitter-x"
        >
          <gui-twitter-icon classname="h-5 fill-black dark:fill-white">
          </gui-twitter-icon>
        </a>
        <a
          href="https://github.com/vltpkg"
          aria-label="github"
        >
          <gui-github-icon classname="h-5 fill-black dark:fill-white">
          </gui-github-icon>
        </a>
        <a
          href="https://discord.gg/vltpkg"
          aria-label="discord"
        >
          <gui-discord-icon classname="h-5 fill-black dark:fill-white">
          </gui-discord-icon>
        </a>
      </div>
      <div class="flex">
        <gui-theme-switcher>
        </gui-theme-switcher>
      </div>
    </div>
    <div class="flex w-full flex-row items-center justify-between">
      <a
        href="https://www.vlt.sh/"
        class="text-sm text-muted-foreground no-underline transition-all hover:text-foreground"
      >
        Â© 2025 vlt technology inc.
      </a>
      <div class="flex flex-row gap-4">
        <a
          href="https://www.vlt.sh/terms"
          class="text-sm text-muted-foreground no-underline transition-all hover:text-foreground"
        >
          Terms
        </a>
        <a
          href="https://www.vlt.sh/privacy"
          class="text-sm text-muted-foreground no-underline transition-all hover:text-foreground"
        >
          Privacy
        </a>
      </div>
    </div>
  </div>
</footer>

`;
